../Core/Src/main.c:87:5:main	16	static
../Core/Src/main.c:154:6:SystemClock_Config	88	static
../Core/Src/main.c:197:6:system_init	8	static
../Core/Src/main.c:210:6:test_LedDebug	8	static
../Core/Src/main.c:217:9:isButtonUp	4	static
../Core/Src/main.c:225:9:isButtonDown	4	static
../Core/Src/main.c:233:9:isButtonRight	4	static
../Core/Src/main.c:243:6:check_led	8	static
../Core/Src/main.c:265:6:test_Adc	40	static
../Core/Src/main.c:319:6:test_Buzzer	8	static
../Core/Src/main.c:352:6:Error_Handler	4	static,ignoring_inline_asm
